Archive member included because of file (symbol)

C:\Users\Aleksa\Desktop\FTN 2021\RAZVOJ SOFTVERA\ECLIPSE\usart\Release\libusart.a(usart.o)
                              ./main.o (usartInit)
C:\Users\Aleksa\Desktop\FTN 2021\RAZVOJ SOFTVERA\ECLIPSE\timer0\Debug\libtimer0.a(timer0.o)
                              C:\Users\Aleksa\Desktop\FTN 2021\RAZVOJ SOFTVERA\ECLIPSE\usart\Release\libusart.a(usart.o) (timer0millis)
C:\Users\Aleksa\Desktop\FTN 2021\RAZVOJ SOFTVERA\ECLIPSE\matrix\Release\libmatrix.a(matrix.o)
                              ./main.o (Add)
c:/winavr-20100110/bin/../lib/gcc/avr/4.3.3/avr5\libgcc.a(_udivmodhi4.o)
                              ./main.o (__udivmodhi4)
c:/winavr-20100110/bin/../lib/gcc/avr/4.3.3/avr5\libgcc.a(_divmodhi4.o)
                              ./main.o (__divmodhi4)
c:/winavr-20100110/bin/../lib/gcc/avr/4.3.3/avr5\libgcc.a(_udivmodsi4.o)
                              C:\Users\Aleksa\Desktop\FTN 2021\RAZVOJ SOFTVERA\ECLIPSE\usart\Release\libusart.a(usart.o) (__udivmodsi4)
c:/winavr-20100110/bin/../lib/gcc/avr/4.3.3/avr5\libgcc.a(_exit.o)
                              c:/winavr-20100110/bin/../lib/gcc/avr/4.3.3/../../../../avr/lib/avr5/crtm328p.o (exit)
c:/winavr-20100110/bin/../lib/gcc/avr/4.3.3/avr5\libgcc.a(_copy_data.o)
                              ./main.o (__do_copy_data)
c:/winavr-20100110/bin/../lib/gcc/avr/4.3.3/avr5\libgcc.a(_clear_bss.o)
                              C:\Users\Aleksa\Desktop\FTN 2021\RAZVOJ SOFTVERA\ECLIPSE\usart\Release\libusart.a(usart.o) (__do_clear_bss)

Allocating common symbols
Common symbol       size              file

Rx_Buffer           0x40              C:\Users\Aleksa\Desktop\FTN 2021\RAZVOJ SOFTVERA\ECLIPSE\usart\Release\libusart.a(usart.o)

Memory Configuration

Name             Origin             Length             Attributes
text             0x00000000         0x00020000         xr
data             0x00800060         0x0000ffa0         rw !x
eeprom           0x00810000         0x00010000         rw !x
fuse             0x00820000         0x00000400         rw !x
lock             0x00830000         0x00000400         rw !x
signature        0x00840000         0x00000400         rw !x
*default*        0x00000000         0xffffffff

Linker script and memory map

Address of section .data set to 0x800100
LOAD c:/winavr-20100110/bin/../lib/gcc/avr/4.3.3/../../../../avr/lib/avr5/crtm328p.o
LOAD ./main.o
LOAD C:\Users\Aleksa\Desktop\FTN 2021\RAZVOJ SOFTVERA\ECLIPSE\usart\Release\libusart.a
LOAD C:\Users\Aleksa\Desktop\FTN 2021\RAZVOJ SOFTVERA\ECLIPSE\timer0\Debug\libtimer0.a
LOAD C:\Users\Aleksa\Desktop\FTN 2021\RAZVOJ SOFTVERA\ECLIPSE\matrix\Release\libmatrix.a
LOAD c:/winavr-20100110/bin/../lib/gcc/avr/4.3.3/avr5\libgcc.a
LOAD c:/winavr-20100110/bin/../lib/gcc/avr/4.3.3/../../../../avr/lib/avr5\libc.a
LOAD c:/winavr-20100110/bin/../lib/gcc/avr/4.3.3/avr5\libgcc.a

.hash
 *(.hash)

.dynsym
 *(.dynsym)

.dynstr
 *(.dynstr)

.gnu.version
 *(.gnu.version)

.gnu.version_d
 *(.gnu.version_d)

.gnu.version_r
 *(.gnu.version_r)

.rel.init
 *(.rel.init)

.rela.init
 *(.rela.init)

.rel.text
 *(.rel.text)
 *(.rel.text.*)
 *(.rel.gnu.linkonce.t*)

.rela.text
 *(.rela.text)
 *(.rela.text.*)
 *(.rela.gnu.linkonce.t*)

.rel.fini
 *(.rel.fini)

.rela.fini
 *(.rela.fini)

.rel.rodata
 *(.rel.rodata)
 *(.rel.rodata.*)
 *(.rel.gnu.linkonce.r*)

.rela.rodata
 *(.rela.rodata)
 *(.rela.rodata.*)
 *(.rela.gnu.linkonce.r*)

.rel.data
 *(.rel.data)
 *(.rel.data.*)
 *(.rel.gnu.linkonce.d*)

.rela.data
 *(.rela.data)
 *(.rela.data.*)
 *(.rela.gnu.linkonce.d*)

.rel.ctors
 *(.rel.ctors)

.rela.ctors
 *(.rela.ctors)

.rel.dtors
 *(.rel.dtors)

.rela.dtors
 *(.rela.dtors)

.rel.got
 *(.rel.got)

.rela.got
 *(.rela.got)

.rel.bss
 *(.rel.bss)

.rela.bss
 *(.rela.bss)

.rel.plt
 *(.rel.plt)

.rela.plt
 *(.rela.plt)

.text           0x00000000      0xa6e
 *(.vectors)
 .vectors       0x00000000       0x68 c:/winavr-20100110/bin/../lib/gcc/avr/4.3.3/../../../../avr/lib/avr5/crtm328p.o
                0x00000000                __vectors
                0x00000000                __vector_default
 *(.vectors)
 *(.progmem.gcc*)
 *(.progmem*)
                0x00000068                . = ALIGN (0x2)
                0x00000068                __trampolines_start = .
 *(.trampolines)
 .trampolines   0x00000068        0x0 linker stubs
 *(.trampolines*)
                0x00000068                __trampolines_end = .
 *(.jumptables)
 *(.jumptables*)
 *(.lowtext)
 *(.lowtext*)
                0x00000068                __ctors_start = .
 *(.ctors)
                0x00000068                __ctors_end = .
                0x00000068                __dtors_start = .
 *(.dtors)
                0x00000068                __dtors_end = .
 SORT(*)(.ctors)
 SORT(*)(.dtors)
 *(.init0)
 .init0         0x00000068        0x0 c:/winavr-20100110/bin/../lib/gcc/avr/4.3.3/../../../../avr/lib/avr5/crtm328p.o
                0x00000068                __init
 *(.init0)
 *(.init1)
 *(.init1)
 *(.init2)
 .init2         0x00000068        0xc c:/winavr-20100110/bin/../lib/gcc/avr/4.3.3/../../../../avr/lib/avr5/crtm328p.o
 *(.init2)
 *(.init3)
 *(.init3)
 *(.init4)
 .init4         0x00000074       0x16 c:/winavr-20100110/bin/../lib/gcc/avr/4.3.3/avr5\libgcc.a(_copy_data.o)
                0x00000074                __do_copy_data
 .init4         0x0000008a       0x10 c:/winavr-20100110/bin/../lib/gcc/avr/4.3.3/avr5\libgcc.a(_clear_bss.o)
                0x0000008a                __do_clear_bss
 *(.init4)
 *(.init5)
 *(.init5)
 *(.init6)
 *(.init6)
 *(.init7)
 *(.init7)
 *(.init8)
 *(.init8)
 *(.init9)
 .init9         0x0000009a        0x8 c:/winavr-20100110/bin/../lib/gcc/avr/4.3.3/../../../../avr/lib/avr5/crtm328p.o
 *(.init9)
 *(.text)
 .text          0x000000a2        0x4 c:/winavr-20100110/bin/../lib/gcc/avr/4.3.3/../../../../avr/lib/avr5/crtm328p.o
                0x000000a2                __vector_22
                0x000000a2                __vector_1
                0x000000a2                __vector_24
                0x000000a2                __vector_12
                0x000000a2                __bad_interrupt
                0x000000a2                __vector_6
                0x000000a2                __vector_3
                0x000000a2                __vector_23
                0x000000a2                __vector_25
                0x000000a2                __vector_11
                0x000000a2                __vector_13
                0x000000a2                __vector_17
                0x000000a2                __vector_19
                0x000000a2                __vector_7
                0x000000a2                __vector_5
                0x000000a2                __vector_4
                0x000000a2                __vector_9
                0x000000a2                __vector_2
                0x000000a2                __vector_21
                0x000000a2                __vector_15
                0x000000a2                __vector_8
                0x000000a2                __vector_10
                0x000000a2                __vector_16
                0x000000a2                __vector_20
 .text          0x000000a6        0x0 ./main.o
 .text          0x000000a6        0x0 C:\Users\Aleksa\Desktop\FTN 2021\RAZVOJ SOFTVERA\ECLIPSE\usart\Release\libusart.a(usart.o)
 .text          0x000000a6        0x0 C:\Users\Aleksa\Desktop\FTN 2021\RAZVOJ SOFTVERA\ECLIPSE\timer0\Debug\libtimer0.a(timer0.o)
 .text          0x000000a6        0x0 C:\Users\Aleksa\Desktop\FTN 2021\RAZVOJ SOFTVERA\ECLIPSE\matrix\Release\libmatrix.a(matrix.o)
 .text          0x000000a6        0x0 c:/winavr-20100110/bin/../lib/gcc/avr/4.3.3/avr5\libgcc.a(_udivmodhi4.o)
 .text          0x000000a6        0x0 c:/winavr-20100110/bin/../lib/gcc/avr/4.3.3/avr5\libgcc.a(_divmodhi4.o)
 .text          0x000000a6        0x0 c:/winavr-20100110/bin/../lib/gcc/avr/4.3.3/avr5\libgcc.a(_udivmodsi4.o)
 .text          0x000000a6        0x0 c:/winavr-20100110/bin/../lib/gcc/avr/4.3.3/avr5\libgcc.a(_exit.o)
 .text          0x000000a6        0x0 c:/winavr-20100110/bin/../lib/gcc/avr/4.3.3/avr5\libgcc.a(_copy_data.o)
 .text          0x000000a6        0x0 c:/winavr-20100110/bin/../lib/gcc/avr/4.3.3/avr5\libgcc.a(_clear_bss.o)
                0x000000a6                . = ALIGN (0x2)
 *(.text.*)
 .text.get_broj
                0x000000a6       0x72 ./main.o
                0x000000a6                get_broj
 .text.put_broj
                0x00000118      0x102 ./main.o
                0x00000118                put_broj
 .text.print_matrix
                0x0000021a       0x5e ./main.o
                0x0000021a                print_matrix
 .text.input_matrix
                0x00000278      0x112 ./main.o
                0x00000278                input_matrix
 .text.main     0x0000038a       0xa0 ./main.o
                0x0000038a                main
 .text.__vector_18
                0x0000042a       0x58 C:\Users\Aleksa\Desktop\FTN 2021\RAZVOJ SOFTVERA\ECLIPSE\usart\Release\libusart.a(usart.o)
                0x0000042a                __vector_18
 .text.usartInit
                0x00000482       0x40 C:\Users\Aleksa\Desktop\FTN 2021\RAZVOJ SOFTVERA\ECLIPSE\usart\Release\libusart.a(usart.o)
                0x00000482                usartInit
 .text.usartAvailable
                0x000004c2        0x6 C:\Users\Aleksa\Desktop\FTN 2021\RAZVOJ SOFTVERA\ECLIPSE\usart\Release\libusart.a(usart.o)
                0x000004c2                usartAvailable
 .text.usartPutChar
                0x000004c8       0x10 C:\Users\Aleksa\Desktop\FTN 2021\RAZVOJ SOFTVERA\ECLIPSE\usart\Release\libusart.a(usart.o)
                0x000004c8                usartPutChar
 .text.usartPutString
                0x000004d8       0x1a C:\Users\Aleksa\Desktop\FTN 2021\RAZVOJ SOFTVERA\ECLIPSE\usart\Release\libusart.a(usart.o)
                0x000004d8                usartPutString
 .text.usartPutString_P
                0x000004f2       0x1e C:\Users\Aleksa\Desktop\FTN 2021\RAZVOJ SOFTVERA\ECLIPSE\usart\Release\libusart.a(usart.o)
                0x000004f2                usartPutString_P
 .text.usartGetChar
                0x00000510       0x38 C:\Users\Aleksa\Desktop\FTN 2021\RAZVOJ SOFTVERA\ECLIPSE\usart\Release\libusart.a(usart.o)
                0x00000510                usartGetChar
 .text.usartGetString
                0x00000548       0x3c C:\Users\Aleksa\Desktop\FTN 2021\RAZVOJ SOFTVERA\ECLIPSE\usart\Release\libusart.a(usart.o)
                0x00000548                usartGetString
 .text.usartPeek
                0x00000584       0x1a C:\Users\Aleksa\Desktop\FTN 2021\RAZVOJ SOFTVERA\ECLIPSE\usart\Release\libusart.a(usart.o)
                0x00000584                usartPeek
 .text.usartParseInt
                0x0000059e      0x11a C:\Users\Aleksa\Desktop\FTN 2021\RAZVOJ SOFTVERA\ECLIPSE\usart\Release\libusart.a(usart.o)
                0x0000059e                usartParseInt
 .text.__vector_14
                0x000006b8       0x56 C:\Users\Aleksa\Desktop\FTN 2021\RAZVOJ SOFTVERA\ECLIPSE\timer0\Debug\libtimer0.a(timer0.o)
                0x000006b8                __vector_14
 .text.timer0InteruptInit
                0x0000070e       0x92 C:\Users\Aleksa\Desktop\FTN 2021\RAZVOJ SOFTVERA\ECLIPSE\timer0\Debug\libtimer0.a(timer0.o)
                0x0000070e                timer0InteruptInit
 .text.timer0millis
                0x000007a0       0x42 C:\Users\Aleksa\Desktop\FTN 2021\RAZVOJ SOFTVERA\ECLIPSE\timer0\Debug\libtimer0.a(timer0.o)
                0x000007a0                timer0millis
 .text.timer0DelayMs
                0x000007e2       0x68 C:\Users\Aleksa\Desktop\FTN 2021\RAZVOJ SOFTVERA\ECLIPSE\timer0\Debug\libtimer0.a(timer0.o)
                0x000007e2                timer0DelayMs
 .text.CheckEquality
                0x0000084a       0x3a C:\Users\Aleksa\Desktop\FTN 2021\RAZVOJ SOFTVERA\ECLIPSE\matrix\Release\libmatrix.a(matrix.o)
                0x0000084a                CheckEquality
 .text.Add      0x00000884       0x3e C:\Users\Aleksa\Desktop\FTN 2021\RAZVOJ SOFTVERA\ECLIPSE\matrix\Release\libmatrix.a(matrix.o)
                0x00000884                Add
 .text.Subtract
                0x000008c2       0x3e C:\Users\Aleksa\Desktop\FTN 2021\RAZVOJ SOFTVERA\ECLIPSE\matrix\Release\libmatrix.a(matrix.o)
                0x000008c2                Subtract
 .text.Multiply
                0x00000900       0x4a C:\Users\Aleksa\Desktop\FTN 2021\RAZVOJ SOFTVERA\ECLIPSE\matrix\Release\libmatrix.a(matrix.o)
                0x00000900                Multiply
 .text.Transpose
                0x0000094a       0x2a C:\Users\Aleksa\Desktop\FTN 2021\RAZVOJ SOFTVERA\ECLIPSE\matrix\Release\libmatrix.a(matrix.o)
                0x0000094a                Transpose
 .text.SumMainDiagonal
                0x00000974       0x26 C:\Users\Aleksa\Desktop\FTN 2021\RAZVOJ SOFTVERA\ECLIPSE\matrix\Release\libmatrix.a(matrix.o)
                0x00000974                SumMainDiagonal
 .text.SumMinorDiagonal
                0x0000099a       0x3e C:\Users\Aleksa\Desktop\FTN 2021\RAZVOJ SOFTVERA\ECLIPSE\matrix\Release\libmatrix.a(matrix.o)
                0x0000099a                SumMinorDiagonal
 .text.libgcc   0x000009d8       0x28 c:/winavr-20100110/bin/../lib/gcc/avr/4.3.3/avr5\libgcc.a(_udivmodhi4.o)
                0x000009d8                __udivmodhi4
 .text.libgcc   0x00000a00       0x26 c:/winavr-20100110/bin/../lib/gcc/avr/4.3.3/avr5\libgcc.a(_divmodhi4.o)
                0x00000a00                __divmodhi4
                0x00000a00                _div
 .text.libgcc   0x00000a26       0x44 c:/winavr-20100110/bin/../lib/gcc/avr/4.3.3/avr5\libgcc.a(_udivmodsi4.o)
                0x00000a26                __udivmodsi4
 .text.libgcc   0x00000a6a        0x0 c:/winavr-20100110/bin/../lib/gcc/avr/4.3.3/avr5\libgcc.a(_exit.o)
 .text.libgcc   0x00000a6a        0x0 c:/winavr-20100110/bin/../lib/gcc/avr/4.3.3/avr5\libgcc.a(_copy_data.o)
 .text.libgcc   0x00000a6a        0x0 c:/winavr-20100110/bin/../lib/gcc/avr/4.3.3/avr5\libgcc.a(_clear_bss.o)
                0x00000a6a                . = ALIGN (0x2)
 *(.fini9)
 .fini9         0x00000a6a        0x0 c:/winavr-20100110/bin/../lib/gcc/avr/4.3.3/avr5\libgcc.a(_exit.o)
                0x00000a6a                exit
                0x00000a6a                _exit
 *(.fini9)
 *(.fini8)
 *(.fini8)
 *(.fini7)
 *(.fini7)
 *(.fini6)
 *(.fini6)
 *(.fini5)
 *(.fini5)
 *(.fini4)
 *(.fini4)
 *(.fini3)
 *(.fini3)
 *(.fini2)
 *(.fini2)
 *(.fini1)
 *(.fini1)
 *(.fini0)
 .fini0         0x00000a6a        0x4 c:/winavr-20100110/bin/../lib/gcc/avr/4.3.3/avr5\libgcc.a(_exit.o)
 *(.fini0)
                0x00000a6e                _etext = .

.data           0x00800100       0x2c load address 0x00000a6e
                0x00800100                PROVIDE (__data_start, .)
 *(.data)
 .data          0x00800100        0x0 c:/winavr-20100110/bin/../lib/gcc/avr/4.3.3/../../../../avr/lib/avr5/crtm328p.o
 .data          0x00800100       0x2b ./main.o
 .data          0x0080012b        0x0 C:\Users\Aleksa\Desktop\FTN 2021\RAZVOJ SOFTVERA\ECLIPSE\usart\Release\libusart.a(usart.o)
 .data          0x0080012b        0x0 C:\Users\Aleksa\Desktop\FTN 2021\RAZVOJ SOFTVERA\ECLIPSE\timer0\Debug\libtimer0.a(timer0.o)
 .data          0x0080012b        0x0 C:\Users\Aleksa\Desktop\FTN 2021\RAZVOJ SOFTVERA\ECLIPSE\matrix\Release\libmatrix.a(matrix.o)
 .data          0x0080012b        0x0 c:/winavr-20100110/bin/../lib/gcc/avr/4.3.3/avr5\libgcc.a(_udivmodhi4.o)
 .data          0x0080012b        0x0 c:/winavr-20100110/bin/../lib/gcc/avr/4.3.3/avr5\libgcc.a(_divmodhi4.o)
 .data          0x0080012b        0x0 c:/winavr-20100110/bin/../lib/gcc/avr/4.3.3/avr5\libgcc.a(_udivmodsi4.o)
 .data          0x0080012b        0x0 c:/winavr-20100110/bin/../lib/gcc/avr/4.3.3/avr5\libgcc.a(_exit.o)
 .data          0x0080012b        0x0 c:/winavr-20100110/bin/../lib/gcc/avr/4.3.3/avr5\libgcc.a(_copy_data.o)
 .data          0x0080012b        0x0 c:/winavr-20100110/bin/../lib/gcc/avr/4.3.3/avr5\libgcc.a(_clear_bss.o)
 *(.data*)
 *(.rodata)
 *(.rodata*)
 *(.gnu.linkonce.d*)
                0x0080012c                . = ALIGN (0x2)
 *fill*         0x0080012b        0x1 00
                0x0080012c                _edata = .
                0x0080012c                PROVIDE (__data_end, .)

.bss            0x0080012c       0x47
                0x0080012c                PROVIDE (__bss_start, .)
 *(.bss)
 .bss           0x0080012c        0x0 c:/winavr-20100110/bin/../lib/gcc/avr/4.3.3/../../../../avr/lib/avr5/crtm328p.o
 .bss           0x0080012c        0x0 ./main.o
 .bss           0x0080012c        0x0 C:\Users\Aleksa\Desktop\FTN 2021\RAZVOJ SOFTVERA\ECLIPSE\usart\Release\libusart.a(usart.o)
 .bss           0x0080012c        0x0 C:\Users\Aleksa\Desktop\FTN 2021\RAZVOJ SOFTVERA\ECLIPSE\timer0\Debug\libtimer0.a(timer0.o)
 .bss           0x0080012c        0x0 C:\Users\Aleksa\Desktop\FTN 2021\RAZVOJ SOFTVERA\ECLIPSE\matrix\Release\libmatrix.a(matrix.o)
 .bss           0x0080012c        0x0 c:/winavr-20100110/bin/../lib/gcc/avr/4.3.3/avr5\libgcc.a(_udivmodhi4.o)
 .bss           0x0080012c        0x0 c:/winavr-20100110/bin/../lib/gcc/avr/4.3.3/avr5\libgcc.a(_divmodhi4.o)
 .bss           0x0080012c        0x0 c:/winavr-20100110/bin/../lib/gcc/avr/4.3.3/avr5\libgcc.a(_udivmodsi4.o)
 .bss           0x0080012c        0x0 c:/winavr-20100110/bin/../lib/gcc/avr/4.3.3/avr5\libgcc.a(_exit.o)
 .bss           0x0080012c        0x0 c:/winavr-20100110/bin/../lib/gcc/avr/4.3.3/avr5\libgcc.a(_copy_data.o)
 .bss           0x0080012c        0x0 c:/winavr-20100110/bin/../lib/gcc/avr/4.3.3/avr5\libgcc.a(_clear_bss.o)
 *(.bss*)
 .bss.Rx_Buffer_Size
                0x0080012c        0x1 C:\Users\Aleksa\Desktop\FTN 2021\RAZVOJ SOFTVERA\ECLIPSE\usart\Release\libusart.a(usart.o)
                0x0080012c                Rx_Buffer_Size
 .bss.Rx_Buffer_First
                0x0080012d        0x1 C:\Users\Aleksa\Desktop\FTN 2021\RAZVOJ SOFTVERA\ECLIPSE\usart\Release\libusart.a(usart.o)
                0x0080012d                Rx_Buffer_First
 .bss.Rx_Buffer_Last
                0x0080012e        0x1 C:\Users\Aleksa\Desktop\FTN 2021\RAZVOJ SOFTVERA\ECLIPSE\usart\Release\libusart.a(usart.o)
                0x0080012e                Rx_Buffer_Last
 .bss.ms        0x0080012f        0x4 C:\Users\Aleksa\Desktop\FTN 2021\RAZVOJ SOFTVERA\ECLIPSE\timer0\Debug\libtimer0.a(timer0.o)
                0x0080012f                ms
 *(COMMON)
 COMMON         0x00800133       0x40 C:\Users\Aleksa\Desktop\FTN 2021\RAZVOJ SOFTVERA\ECLIPSE\usart\Release\libusart.a(usart.o)
                0x00800133                Rx_Buffer
                0x00800173                PROVIDE (__bss_end, .)
                0x00000a6e                __data_load_start = LOADADDR (.data)
                0x00000a9a                __data_load_end = (__data_load_start + SIZEOF (.data))

.noinit         0x00800173        0x0
                0x00800173                PROVIDE (__noinit_start, .)
 *(.noinit*)
                0x00800173                PROVIDE (__noinit_end, .)
                0x00800173                _end = .
                0x00800173                PROVIDE (__heap_start, .)

.eeprom         0x00810000        0x0
 *(.eeprom*)
                0x00810000                __eeprom_end = .

.fuse
 *(.fuse)
 *(.lfuse)
 *(.hfuse)
 *(.efuse)

.lock
 *(.lock*)

.signature
 *(.signature*)

.stab           0x00000000      0x4bc
 *(.stab)
 .stab          0x00000000      0x4bc C:\Users\Aleksa\Desktop\FTN 2021\RAZVOJ SOFTVERA\ECLIPSE\timer0\Debug\libtimer0.a(timer0.o)

.stabstr        0x00000000      0x728
 *(.stabstr)
 .stabstr       0x00000000      0x728 C:\Users\Aleksa\Desktop\FTN 2021\RAZVOJ SOFTVERA\ECLIPSE\timer0\Debug\libtimer0.a(timer0.o)

.stab.excl
 *(.stab.excl)

.stab.exclstr
 *(.stab.exclstr)

.stab.index
 *(.stab.index)

.stab.indexstr
 *(.stab.indexstr)

.comment
 *(.comment)

.debug
 *(.debug)

.line
 *(.line)

.debug_srcinfo
 *(.debug_srcinfo)

.debug_sfnames
 *(.debug_sfnames)

.debug_aranges
 *(.debug_aranges)

.debug_pubnames
 *(.debug_pubnames)

.debug_info
 *(.debug_info)
 *(.gnu.linkonce.wi.*)

.debug_abbrev
 *(.debug_abbrev)

.debug_line
 *(.debug_line)

.debug_frame
 *(.debug_frame)

.debug_str
 *(.debug_str)

.debug_loc
 *(.debug_loc)

.debug_macinfo
 *(.debug_macinfo)
OUTPUT(matrix_test.elf elf32-avr)
LOAD linker stubs
